INFO:     Will watch for changes in these directories: ['C:\\Users\\HP\\Desktop\\codeforage-ai-main\\codeforage-ai-main\\codeforage-ai-main']
INFO:     Uvicorn running on http://0.0.0.0:8000 (Press CTRL+C to quit)
INFO:     Started reloader process [13336] using StatReload
Process SpawnProcess-1:
Traceback (most recent call last):
  File "C:\Python314\Lib\multiprocessing\process.py", line 320, in _bootstrap
    self.run()
    ~~~~~~~~^^
  File "C:\Python314\Lib\multiprocessing\process.py", line 108, in run
    self._target(*self._args, **self._kwargs)
    ~~~~~~~~~~~~^^^^^^^^^^^^^^^^^^^^^^^^^^^^^
  File "C:\Users\HP\Desktop\codeforage-ai-main\codeforage-ai-main\codeforage-ai-main\backend\venv\Lib\site-packages\uvicorn\_subprocess.py", line 80, in subprocess_started
    target(sockets=sockets)
    ~~~~~~^^^^^^^^^^^^^^^^^
  File "C:\Users\HP\Desktop\codeforage-ai-main\codeforage-ai-main\codeforage-ai-main\backend\venv\Lib\site-packages\uvicorn\server.py", line 77, in run
    return asyncio_run(self.serve(sockets=sockets), loop_factory=self.config.get_loop_factory())
  File "C:\Python314\Lib\asyncio\runners.py", line 205, in run
    return runner.run(main)
           ~~~~~~~~~~^^^^^^
  File "C:\Python314\Lib\asyncio\runners.py", line 128, in run
    return self._loop.run_until_complete(task)
           ~~~~~~~~~~~~~~~~~~~~~~~~~~~~~^^^^^^
  File "C:\Python314\Lib\asyncio\base_events.py", line 720, in run_until_complete
    return future.result()
           ~~~~~~~~~~~~~^^
  File "C:\Users\HP\Desktop\codeforage-ai-main\codeforage-ai-main\codeforage-ai-main\backend\venv\Lib\site-packages\uvicorn\server.py", line 81, in serve
    await self._serve(sockets)
  File "C:\Users\HP\Desktop\codeforage-ai-main\codeforage-ai-main\codeforage-ai-main\backend\venv\Lib\site-packages\uvicorn\server.py", line 88, in _serve
    config.load()
    ~~~~~~~~~~~^^
  File "C:\Users\HP\Desktop\codeforage-ai-main\codeforage-ai-main\codeforage-ai-main\backend\venv\Lib\site-packages\uvicorn\config.py", line 494, in load
    self.loaded_app = self.load_app()
                      ~~~~~~~~~~~~~^^
  File "C:\Users\HP\Desktop\codeforage-ai-main\codeforage-ai-main\codeforage-ai-main\backend\venv\Lib\site-packages\uvicorn\config.py", line 428, in load_app
    return import_from_string(self.app)
  File "C:\Users\HP\Desktop\codeforage-ai-main\codeforage-ai-main\codeforage-ai-main\backend\venv\Lib\site-packages\uvicorn\importer.py", line 22, in import_from_string
    raise exc from None
  File "C:\Users\HP\Desktop\codeforage-ai-main\codeforage-ai-main\codeforage-ai-main\backend\venv\Lib\site-packages\uvicorn\importer.py", line 19, in import_from_string
    module = importlib.import_module(module_str)
  File "C:\Python314\Lib\importlib\__init__.py", line 88, in import_module
    return _bootstrap._gcd_import(name[level:], package, level)
           ~~~~~~~~~~~~~~~~~~~~~~^^^^^^^^^^^^^^^^^^^^^^^^^^^^^^
  File "<frozen importlib._bootstrap>", line 1406, in _gcd_import
  File "<frozen importlib._bootstrap>", line 1371, in _find_and_load
  File "<frozen importlib._bootstrap>", line 1314, in _find_and_load_unlocked
  File "<frozen importlib._bootstrap>", line 491, in _call_with_frames_removed
  File "<frozen importlib._bootstrap>", line 1406, in _gcd_import
  File "<frozen importlib._bootstrap>", line 1371, in _find_and_load
  File "<frozen importlib._bootstrap>", line 1335, in _find_and_load_unlocked
ModuleNotFoundError: No module named 'app'
